[my.navyfederal.org/NFOAA_Auth/login.html]
[backblue.gif]
[fade.gif]
[index.html]
[my.navyfederal.org/NFOAA_Auth/favicon.ico]
[my.navyfederal.org/NFOAA_Auth/resources/images/apple-touch-icon-72x72-precomposed-14091710c18c4576bb05b77eae62912e.png]
[my.navyfederal.org/NFOAA_Auth/resources/css/main-81c4011762afac3569f942d4fb8bf43f.css]
[my.navyfederal.org/NFOAA_Auth/resources/css/nauth-81c4011762afac3569f942d4fb8bf43f.css]
[www.navyfederal.org/js/s_code.js]
[my.navyfederal.org/NFOAA_Auth/resources/js/dist/main.min.js]
[my.navyfederal.org/NFOAA_Auth/resources/js/dev/cookieGenerator-f3c7ff68bced30b6bd7a7a5b62aa7ff4.js]
[my.navyfederal.org/NFOAA_Auth/resources/js/dev/login-f3c7ff68bced30b6bd7a7a5b62aa7ff4.js]
[www.google.com/recaptcha/api.js]
[www.navyfederal.org/js/le2-mtagconfig.js]
[my.navyfederal.org/NFOAA_Auth/resources/images/img_logo-14091710c18c4576bb05b77eae62912e.png]
[my.navyfederal.org/NFOAA_Auth/resources/images/toolTip-14091710c18c4576bb05b77eae62912e.png]
[my.navyfederal.org/NFOAA_Auth/resources/images/tooltip-arrow-left-14091710c18c4576bb05b77eae62912e.png]
[my.navyfederal.org/NFOAA_Auth/findmyusername.html]
[my.navyfederal.org/NFOAA_Auth/resetpassword.html]
[my.navyfederal.org/NFOAA_Auth/enrollment.html]
[my.navyfederal.org/NFOAA_Auth/resources/images/img_footer_logo-14091710c18c4576bb05b77eae62912e.png]
[my.navyfederal.org/NFOAA_Auth/login.html]
[my.navyfederal.org/NFOAA_Auth/resources/fonts/sourcesanspro-regular-webfont.eot]
[my.navyfederal.org/NFOAA_Auth/resources/fonts/sourcesanspro-regular-webfontd41d.eot]
[my.navyfederal.org/NFOAA_Auth/resources/fonts/sourcesanspro-regular-webfont.woff2]
[my.navyfederal.org/NFOAA_Auth/resources/fonts/sourcesanspro-regular-webfont.woff]
[my.navyfederal.org/NFOAA_Auth/resources/fonts/sourcesanspro-regular-webfont.ttf]
[my.navyfederal.org/NFOAA_Auth/resources/fonts/sourcesanspro-semibold-webfont.eot]
[my.navyfederal.org/NFOAA_Auth/resources/fonts/sourcesanspro-semibold-webfontd41d.eot]
[my.navyfederal.org/NFOAA_Auth/resources/fonts/sourcesanspro-semibold-webfont.woff2]
[my.navyfederal.org/NFOAA_Auth/resources/fonts/sourcesanspro-semibold-webfont.woff]
[my.navyfederal.org/NFOAA_Auth/resources/fonts/sourcesanspro-semibold-webfont.ttf]
[my.navyfederal.org/NFOAA_Auth/resources/images/css/icons.png]
[my.navyfederal.org/NFOAA_Auth/resources/images/css/icon_strength_check_grey.png]
[my.navyfederal.org/NFOAA_Auth/resources/images/css/icon-x-off.png]
[my.navyfederal.org/NFOAA_Auth/resources/images/css/icon-x-on.png]
[my.navyfederal.org/NFOAA_Auth/resources/images/css/icon_strength_check_green.png]
[my.navyfederal.org/NFOAA_Auth/resources/images/css/bg_globe.png]
[my.navyfederal.org/NFOAA_Auth/resources/images/css/bg_footer.png]
[my.navyfederal.org/NFOAA_Auth/resources/css/main-81c4011762afac3569f942d4fb8bf43f.css]
[my.navyfederal.org/NFOAA_Auth/resources/css/nauth-81c4011762afac3569f942d4fb8bf43f.css]
[my.navyfederal.org/NFOAA_Auth/resources/js/dist/main.min.js]
[my.navyfederal.org/NFOAA_Auth/resources/js/dev/cookieGenerator-f3c7ff68bced30b6bd7a7a5b62aa7ff4.js]
[my.navyfederal.org/NFOAA_Auth/resources/js/dev/login-f3c7ff68bced30b6bd7a7a5b62aa7ff4.js]
[my.navyfederal.org/NFOAA_Auth/javax.faces.resource/util/util.js7d01.js]
[my.navyfederal.org/NFOAA_Auth/javax.faces.resource/util/ajaxUtil.js7d01.js]
[my.navyfederal.org/NFOAA_Auth/javax.faces.resource/dev/findmyusername-f3c7ff68bced30b6bd7a7a5b62aa7ff4.js8490.js]
[my.navyfederal.org/NFOAA_Auth/javax.faces.resource/validation/validatorUtil.js7d01.js]
[my.navyfederal.org/NFOAA_Auth/javax.faces.resource/validation/requiredValidator.js7d01.js]
[my.navyfederal.org/NFOAA_Auth/findmyusername.html]
[my.navyfederal.org/NFOAA_Auth/javax.faces.resource/default.css7d01.css]
[my.navyfederal.org/NFOAA_Auth/javax.faces.resource/jsf.js8be1.js]
[my.navyfederal.org/NFOAA_Auth/resources/js/dev/passwordStrength-f3c7ff68bced30b6bd7a7a5b62aa7ff4.js]
[my.navyfederal.org/NFOAA_Auth/resources/js/dev/usernameStrength-f3c7ff68bced30b6bd7a7a5b62aa7ff4.js]
[my.navyfederal.org/NFOAA_Auth/resources/js/dev/app-f3c7ff68bced30b6bd7a7a5b62aa7ff4.js]
[my.navyfederal.org/NFOAA_Auth/javax.faces.resource/window/popupLayer.js7d01.js]
[my.navyfederal.org/NFOAA_Auth/javax.faces.resource/window/window.js7d01.js]
[my.navyfederal.org/NFOAA_Auth/resetpassword.html]
[my.navyfederal.org/NFOAA_Auth/javax.faces.resource/dev/enrollment-f3c7ff68bced30b6bd7a7a5b62aa7ff4.js8490.js]
[my.navyfederal.org/NFOAA_Auth/enrollment.html]
[my.navyfederal.org/NFOAA_Auth/resources/fonts/sourcesanspro-regular-webfont.svg]
[my.navyfederal.org/NFOAA_Auth/resources/fonts/sourcesanspro-semibold-webfont.svg]
[my.navyfederal.org/NFOAA_Auth/javax.faces.resource/util/util.js7d01.js]
[my.navyfederal.org/NFOAA_Auth/javax.faces.resource/util/ajaxUtil.js7d01.js]
[my.navyfederal.org/NFOAA_Auth/javax.faces.resource/dev/findmyusername-f3c7ff68bced30b6bd7a7a5b62aa7ff4.js8490.js]
[my.navyfederal.org/NFOAA_Auth/javax.faces.resource/validation/validatorUtil.js7d01.js]
[my.navyfederal.org/NFOAA_Auth/javax.faces.resource/validation/requiredValidator.js7d01.js]
[my.navyfederal.org/NFOAA_Auth/javax.faces.resource/default.css7d01.css]
[my.navyfederal.org/NFOAA_Auth/javax.faces.resource/jsf.js8be1.js]
[my.navyfederal.org/NFOAA_Auth/resources/js/dist/captcha.min.js]
[my.navyfederal.org/NFOAA_Auth/resources/js/dev/passwordStrength-f3c7ff68bced30b6bd7a7a5b62aa7ff4.js]
[my.navyfederal.org/NFOAA_Auth/resources/js/dev/usernameStrength-f3c7ff68bced30b6bd7a7a5b62aa7ff4.js]
[my.navyfederal.org/NFOAA_Auth/loginec42.html]
[my.navyfederal.org/NFOAA_Auth/resources/js/dev/app-f3c7ff68bced30b6bd7a7a5b62aa7ff4.js]
[my.navyfederal.org/NFOAA_Auth/javax.faces.resource/window/popupLayer.js7d01.js]
[my.navyfederal.org/NFOAA_Auth/javax.faces.resource/window/window.js7d01.js]
[my.navyfederal.org/NFOAA_Auth/javax.faces.resource/dev/enrollment-f3c7ff68bced30b6bd7a7a5b62aa7ff4.js8490.js]
[my.navyfederal.org/NFOAA_Auth/loginec42.html]
[my.navyfederal.org/NFOAA_Auth/resources/images/icon-x-off.html]
[my.navyfederal.org/NFOAA_Auth/javax.faces.resource/clear.html]
[my.navyfederal.org/NFOAA_Auth/javax.faces.resource/timetable/reservedTimePattern.html]
[my.navyfederal.org/NFOAA_Auth/GET.html]
[my.navyfederal.org/javax.faces.resource/jsf7710.html]
